[2026-10-06 15:00:23] production.ERROR: SQLSTATE[HY000] [1049] Unknown database 'laravel' (Connection: mysql, SQL: select count(*) as aggregate from `zp_user`) {"exception":"[object] (Illuminate\\Database\\QueryException(code: 1049): SQLSTATE[HY000] [1049] Unknown database 'laravel' (Connection: mysql, SQL: select count(*) as aggregate from `zp_user`) at C:\\laragon\\www\\dentvira\\public\\leantime\\vendor\\laravel\\framework\\src\\Illuminate\\Database\\Connection.php:825)
[stacktrace]
#0 C:\\laragon\\www\\dentvira\\public\\leantime\\vendor\\laravel\\framework\\src\\Illuminate\\Database\\Connection.php(779): Illuminate\\Database\\Connection->runQueryCallback('select count(*)...', Array, Object(Closure))
#1 C:\\laragon\\www\\dentvira\\public\\leantime\\vendor\\laravel\\framework\\src\\Illuminate\\Database\\Connection.php(398): Illuminate\\Database\\Connection->run('select count(*)...', Array, Object(Closure))
#2 C:\\laragon\\www\\dentvira\\public\\leantime\\vendor\\laravel\\framework\\src\\Illuminate\\Database\\Query\\Builder.php(3106): Illuminate\\Database\\Connection->select('select count(*)...', Array, true)
#3 C:\\laragon\\www\\dentvira\\public\\leantime\\vendor\\laravel\\framework\\src\\Illuminate\\Database\\Query\\Builder.php(3091): Illuminate\\Database\\Query\\Builder->runSelect()
#4 C:\\laragon\\www\\dentvira\\public\\leantime\\vendor\\laravel\\framework\\src\\Illuminate\\Database\\Query\\Builder.php(3676): Illuminate\\Database\\Query\\Builder->{closure:Illuminate\\Database\\Query\\Builder::get():3090}()
#5 C:\\laragon\\www\\dentvira\\public\\leantime\\vendor\\laravel\\framework\\src\\Illuminate\\Database\\Query\\Builder.php(3090): Illuminate\\Database\\Query\\Builder->onceWithColumns(Array, Object(Closure))
#6 C:\\laragon\\www\\dentvira\\public\\leantime\\vendor\\laravel\\framework\\src\\Illuminate\\Database\\Query\\Builder.php(3603): Illuminate\\Database\\Query\\Builder->get(Array)
#7 C:\\laragon\\www\\dentvira\\public\\leantime\\vendor\\laravel\\framework\\src\\Illuminate\\Database\\Query\\Builder.php(3531): Illuminate\\Database\\Query\\Builder->aggregate('count', Array)
#8 C:\\laragon\\www\\dentvira\\public\\leantime\\app\\Domain\\Setting\\Repositories\\Setting.php(159): Illuminate\\Database\\Query\\Builder->count()
#9 C:\\laragon\\www\\dentvira\\public\\leantime\\app\\Core\\Middleware\\Installed.php(33): Leantime\\Domain\\Setting\\Repositories\\Setting->checkIfInstalled()
#10 C:\\laragon\\www\\dentvira\\public\\leantime\\vendor\\laravel\\framework\\src\\Illuminate\\Pipeline\\Pipeline.php(209): Leantime\\Core\\Middleware\\Installed->handle(Object(Leantime\\Core\\Http\\IncomingRequest), Object(Closure))
#11 C:\\laragon\\www\\dentvira\\public\\leantime\\app\\Core\\Middleware\\StartSession.php(134): Illuminate\\Pipeline\\Pipeline->{closure:{closure:Illuminate\\Pipeline\\Pipeline::carry():184}:185}(Object(Leantime\\Core\\Http\\IncomingRequest))
#12 C:\\laragon\\www\\dentvira\\public\\leantime\\app\\Core\\Middleware\\StartSession.php(83): Leantime\\Core\\Middleware\\StartSession->handleOptimisticRequest(Object(Leantime\\Core\\Http\\IncomingRequest), Object(Illuminate\\Session\\Store), Object(Closure))
#13 C:\\laragon\\www\\dentvira\\public\\leantime\\vendor\\laravel\\framework\\src\\Illuminate\\Pipeline\\Pipeline.php(209): Leantime\\Core\\Middleware\\StartSession->handle(Object(Leantime\\Core\\Http\\IncomingRequest), Object(Closure))
#14 C:\\laragon\\www\\dentvira\\public\\leantime\\app\\Core\\Middleware\\TrustProxies.php(65): Illuminate\\Pipeline\\Pipeline->{closure:{closure:Illuminate\\Pipeline\\Pipeline::carry():184}:185}(Object(Leantime\\Core\\Http\\IncomingRequest))
#15 C:\\laragon\\www\\dentvira\\public\\leantime\\vendor\\laravel\\framework\\src\\Illuminate\\Pipeline\\Pipeline.php(209): Leantime\\Core\\Middleware\\TrustProxies->handle(Object(Leantime\\Core\\Http\\IncomingRequest), Object(Closure))
#16 C:\\laragon\\www\\dentvira\\public\\leantime\\vendor\\laravel\\framework\\src\\Illuminate\\Pipeline\\Pipeline.php(127): Illuminate\\Pipeline\\Pipeline->{closure:{closure:Illuminate\\Pipeline\\Pipeline::carry():184}:185}(Object(Leantime\\Core\\Http\\IncomingRequest))
#17 C:\\laragon\\www\\dentvira\\public\\leantime\\app\\Core\\Http\\HttpKernel.php(164): Illuminate\\Pipeline\\Pipeline->then(Object(Closure))
#18 C:\\laragon\\www\\dentvira\\public\\leantime\\app\\Core\\Http\\HttpKernel.php(121): Leantime\\Core\\Http\\HttpKernel->sendRequestThroughRouter(Object(Leantime\\Core\\Http\\IncomingRequest))
#19 C:\\laragon\\www\\dentvira\\public\\leantime\\app\\Core\\Bootloader.php(79): Leantime\\Core\\Http\\HttpKernel->handle(Object(Leantime\\Core\\Http\\IncomingRequest))
#20 C:\\laragon\\www\\dentvira\\public\\leantime\\app\\Core\\Bootloader.php(60): Leantime\\Core\\Bootloader->handleRequest(Object(Leantime\\Core\\Http\\IncomingRequest))
#21 C:\\laragon\\www\\dentvira\\public\\leantime\\public\\index.php(20): Leantime\\Core\\Bootloader->boot(Object(Leantime\\Core\\Application))
#22 {main}

[previous exception] [object] (PDOException(code: 1049): SQLSTATE[HY000] [1049] Unknown database 'laravel' at C:\\laragon\\www\\dentvira\\public\\leantime\\vendor\\laravel\\framework\\src\\Illuminate\\Database\\Connectors\\Connector.php:67)
[stacktrace]
#0 C:\\laragon\\www\\dentvira\\public\\leantime\\vendor\\laravel\\framework\\src\\Illuminate\\Database\\Connectors\\Connector.php(67): PDO::connect('mysql:host=127....', 'root', Object(SensitiveParameterValue), Array)
#1 C:\\laragon\\www\\dentvira\\public\\leantime\\vendor\\laravel\\framework\\src\\Illuminate\\Database\\Connectors\\Connector.php(44): Illuminate\\Database\\Connectors\\Connector->createPdoConnection('mysql:host=127....', 'root', Object(SensitiveParameterValue), Array)
#2 C:\\laragon\\www\\dentvira\\public\\leantime\\vendor\\laravel\\framework\\src\\Illuminate\\Database\\Connectors\\MySqlConnector.php(24): Illuminate\\Database\\Connectors\\Connector->createConnection('mysql:host=127....', Array, Array)
#3 C:\\laragon\\www\\dentvira\\public\\leantime\\vendor\\laravel\\framework\\src\\Illuminate\\Database\\Connectors\\ConnectionFactory.php(185): Illuminate\\Database\\Connectors\\MySqlConnector->connect(Array)
#4 [internal function]: Illuminate\\Database\\Connectors\\ConnectionFactory->{closure:Illuminate\\Database\\Connectors\\ConnectionFactory::createPdoResolverWithHosts():180}()
#5 C:\\laragon\\www\\dentvira\\public\\leantime\\vendor\\laravel\\framework\\src\\Illuminate\\Database\\Connection.php(1231): call_user_func(Object(Closure))
#6 C:\\laragon\\www\\dentvira\\public\\leantime\\vendor\\laravel\\framework\\src\\Illuminate\\Database\\Connection.php(1267): Illuminate\\Database\\Connection->getPdo()
#7 C:\\laragon\\www\\dentvira\\public\\leantime\\vendor\\laravel\\framework\\src\\Illuminate\\Database\\Connection.php(512): Illuminate\\Database\\Connection->getReadPdo()
#8 C:\\laragon\\www\\dentvira\\public\\leantime\\vendor\\laravel\\framework\\src\\Illuminate\\Database\\Connection.php(407): Illuminate\\Database\\Connection->getPdoForSelect(true)
#9 C:\\laragon\\www\\dentvira\\public\\leantime\\vendor\\laravel\\framework\\src\\Illuminate\\Database\\Connection.php(812): Illuminate\\Database\\Connection->{closure:Illuminate\\Database\\Connection::select():398}('select count(*)...', Array)
#10 C:\\laragon\\www\\dentvira\\public\\leantime\\vendor\\laravel\\framework\\src\\Illuminate\\Database\\Connection.php(779): Illuminate\\Database\\Connection->runQueryCallback('select count(*)...', Array, Object(Closure))
#11 C:\\laragon\\www\\dentvira\\public\\leantime\\vendor\\laravel\\framework\\src\\Illuminate\\Database\\Connection.php(398): Illuminate\\Database\\Connection->run('select count(*)...', Array, Object(Closure))
#12 C:\\laragon\\www\\dentvira\\public\\leantime\\vendor\\laravel\\framework\\src\\Illuminate\\Database\\Query\\Builder.php(3106): Illuminate\\Database\\Connection->select('select count(*)...', Array, true)
#13 C:\\laragon\\www\\dentvira\\public\\leantime\\vendor\\laravel\\framework\\src\\Illuminate\\Database\\Query\\Builder.php(3091): Illuminate\\Database\\Query\\Builder->runSelect()
#14 C:\\laragon\\www\\dentvira\\public\\leantime\\vendor\\laravel\\framework\\src\\Illuminate\\Database\\Query\\Builder.php(3676): Illuminate\\Database\\Query\\Builder->{closure:Illuminate\\Database\\Query\\Builder::get():3090}()
#15 C:\\laragon\\www\\dentvira\\public\\leantime\\vendor\\laravel\\framework\\src\\Illuminate\\Database\\Query\\Builder.php(3090): Illuminate\\Database\\Query\\Builder->onceWithColumns(Array, Object(Closure))
#16 C:\\laragon\\www\\dentvira\\public\\leantime\\vendor\\laravel\\framework\\src\\Illuminate\\Database\\Query\\Builder.php(3603): Illuminate\\Database\\Query\\Builder->get(Array)
#17 C:\\laragon\\www\\dentvira\\public\\leantime\\vendor\\laravel\\framework\\src\\Illuminate\\Database\\Query\\Builder.php(3531): Illuminate\\Database\\Query\\Builder->aggregate('count', Array)
#18 C:\\laragon\\www\\dentvira\\public\\leantime\\app\\Domain\\Setting\\Repositories\\Setting.php(159): Illuminate\\Database\\Query\\Builder->count()
#19 C:\\laragon\\www\\dentvira\\public\\leantime\\app\\Core\\Middleware\\Installed.php(33): Leantime\\Domain\\Setting\\Repositories\\Setting->checkIfInstalled()
#20 C:\\laragon\\www\\dentvira\\public\\leantime\\vendor\\laravel\\framework\\src\\Illuminate\\Pipeline\\Pipeline.php(209): Leantime\\Core\\Middleware\\Installed->handle(Object(Leantime\\Core\\Http\\IncomingRequest), Object(Closure))
#21 C:\\laragon\\www\\dentvira\\public\\leantime\\app\\Core\\Middleware\\StartSession.php(134): Illuminate\\Pipeline\\Pipeline->{closure:{closure:Illuminate\\Pipeline\\Pipeline::carry():184}:185}(Object(Leantime\\Core\\Http\\IncomingRequest))
#22 C:\\laragon\\www\\dentvira\\public\\leantime\\app\\Core\\Middleware\\StartSession.php(83): Leantime\\Core\\Middleware\\StartSession->handleOptimisticRequest(Object(Leantime\\Core\\Http\\IncomingRequest), Object(Illuminate\\Session\\Store), Object(Closure))
#23 C:\\laragon\\www\\dentvira\\public\\leantime\\vendor\\laravel\\framework\\src\\Illuminate\\Pipeline\\Pipeline.php(209): Leantime\\Core\\Middleware\\StartSession->handle(Object(Leantime\\Core\\Http\\IncomingRequest), Object(Closure))
#24 C:\\laragon\\www\\dentvira\\public\\leantime\\app\\Core\\Middleware\\TrustProxies.php(65): Illuminate\\Pipeline\\Pipeline->{closure:{closure:Illuminate\\Pipeline\\Pipeline::carry():184}:185}(Object(Leantime\\Core\\Http\\IncomingRequest))
#25 C:\\laragon\\www\\dentvira\\public\\leantime\\vendor\\laravel\\framework\\src\\Illuminate\\Pipeline\\Pipeline.php(209): Leantime\\Core\\Middleware\\TrustProxies->handle(Object(Leantime\\Core\\Http\\IncomingRequest), Object(Closure))
#26 C:\\laragon\\www\\dentvira\\public\\leantime\\vendor\\laravel\\framework\\src\\Illuminate\\Pipeline\\Pipeline.php(127): Illuminate\\Pipeline\\Pipeline->{closure:{closure:Illuminate\\Pipeline\\Pipeline::carry():184}:185}(Object(Leantime\\Core\\Http\\IncomingRequest))
#27 C:\\laragon\\www\\dentvira\\public\\leantime\\app\\Core\\Http\\HttpKernel.php(164): Illuminate\\Pipeline\\Pipeline->then(Object(Closure))
#28 C:\\laragon\\www\\dentvira\\public\\leantime\\app\\Core\\Http\\HttpKernel.php(121): Leantime\\Core\\Http\\HttpKernel->sendRequestThroughRouter(Object(Leantime\\Core\\Http\\IncomingRequest))
#29 C:\\laragon\\www\\dentvira\\public\\leantime\\app\\Core\\Bootloader.php(79): Leantime\\Core\\Http\\HttpKernel->handle(Object(Leantime\\Core\\Http\\IncomingRequest))
#30 C:\\laragon\\www\\dentvira\\public\\leantime\\app\\Core\\Bootloader.php(60): Leantime\\Core\\Bootloader->handleRequest(Object(Leantime\\Core\\Http\\IncomingRequest))
#31 C:\\laragon\\www\\dentvira\\public\\leantime\\public\\index.php(20): Leantime\\Core\\Bootloader->boot(Object(Leantime\\Core\\Application))
#32 {main}
"} 
